Hello! Which test case do you want to run? 
Test case 5:
===================================
p1: "4*x^3 + x^2 + 5"
copy of p1: "4*x^3 + x^2 + 5"
===================================
