Hello! Which test case do you want to run? 
Test case 11:
===================================
p1: "4*x^3 + x^2 + 5"
p2: "5*x^6 - 2*x"
p1+p2: "5*x^6 + 4*x^3 + x^2 - 2*x + 5"
===================================
