Hello! Which test case do you want to run? 
Test case 21:
===================================
p1: "-7*x^3 + 2*x^2 + 5"
p2: "5*x^3 - 2*x^2 - 5"
compare p1 and p2: -1
compare p2 and p1: 1
===================================
