Hello! Which test case do you want to run? 
Test case 8:
===================================
p1: "3*x"
===================================
