Hello! Which test case do you want to run? 
Test case 16:
===================================
p1: "-7*x^3 + 2*x^2 + 5"
p2: "5*x^3 - 2*x^2 - 5"
p1*p2: "-35*x^6 + 24*x^5 - 4*x^4 + 60*x^3 - 20*x^2 - 25"
===================================
