Hello! Which test case do you want to run? 
Test case 4:
===================================
"0"
===================================
