Hello! Which test case do you want to run? 
Test case 19:
===================================
p1: "-45"
p1(2): -45
===================================
