Hello! Which test case do you want to run? 
Test case 7:
===================================
p1: "3*x + 4"
===================================
