Hello! Which test case do you want to run? 
Test case 15:
===================================
p1: "4*x^3 + x^2 + 5"
p2: "4*x^3 + 2*x^2 + 5"
p1*p2: "16*x^6 + 12*x^5 + 2*x^4 + 40*x^3 + 15*x^2 + 25"
===================================
