Hello! Which test case do you want to run? 
Test case 13:
===================================
p1: "-7*x^3 + 2*x^2 + 5"
p2: "5*x^3 - 2*x^2 - 5"
p1-p2: "-12*x^3 + 4*x^2 + 10"
===================================
