Hello! Which test case do you want to run? 
Test case 9:
===================================
p1: "4*x^3 + x^2 + 5"
p2: "4*x^3 + 2*x^2 + 5"
p1+p2: "8*x^3 + 3*x^2 + 10"
===================================
