Hello! Which test case do you want to run? 
Test case 18:
===================================
p1: "4*x^3 + x^2 + 5"
p1(2): 41
===================================
