Hello! Which test case do you want to run? 
Test case 6:
===================================
p1: "3"
===================================
