Hello! Which test case do you want to run? 
Test case 17:
===================================
p1: "4*x^3 + x^2 + 5"
p2: "5*x^6 - 2*x"
p1*p2: "20*x^9 + 5*x^8 + 25*x^6 - 8*x^4 - 2*x^3 - 10*x"
===================================
