Hello! Which test case do you want to run? 
Test case 2:
===================================
Polynomial 5: "5*x^6 - 2*x"
Polynomial 6: "5*x^6 + x"
Polynomial 7: "5678*x^999 - x"

===================================
